# 13.2.15 WITH (Common Table Expressions)

[TOC]

*A common table expression (CTE) is a named temporary result set that exists within the scope of a single statement and that can be referred to later within that statement, possibly multiple times. The following discussion describes how to write statements that use CTEs.*

common table expression (CTE) 是一个存在于一条语句范围内的命名的临时结果集，之后可以在那条语句中引用多次。

下面讨论如何写适用 CTEs 语句：

- [Common Table Expressions](https://dev.mysql.com/doc/refman/8.0/en/with.html#common-table-expressions)

- [Recursive Common Table Expressions](https://dev.mysql.com/doc/refman/8.0/en/with.html#common-table-expressions-recursive)

- [Limiting Common Table Expression Recursion](https://dev.mysql.com/doc/refman/8.0/en/with.html#common-table-expressions-recursion-limits)

- [Recursive Common Table Expression Examples](https://dev.mysql.com/doc/refman/8.0/en/with.html#common-table-expressions-recursive-examples)

- [Common Table Expressions Compared to Similar Constructs](https://dev.mysql.com/doc/refman/8.0/en/with.html#common-table-expressions-similar-constructs)

For information about CTE optimization, see [Section 8.2.2.4, “Optimizing Derived Tables, View References, and Common Table Expressions with Merging or Materialization”](https://dev.mysql.com/doc/refman/8.0/en/derived-table-optimization.html).

## 1、Additional Resources

These articles contain additional information about using CTEs in MySQL, including many examples:

[MySQL 8.0 Labs: [Recursive] Common Table Expressions in MySQL (CTEs)](http://mysqlserverteam.com/mysql-8-0-labs-recursive-common-table-expressions-in-mysql-ctes/)

[MySQL 8.0 Labs: [Recursive] Common Table Expressions in MySQL (CTEs), Part Two – how to generate series](http://mysqlserverteam.com/mysql-8-0-labs-recursive-common-table-expressions-in-mysql-ctes-part-two-how-to-generate-series/)

[MySQL 8.0 Labs: [Recursive] Common Table Expressions in MySQL (CTEs), Part Three – hierarchies](http://mysqlserverteam.com/mysql-8-0-labs-recursive-common-table-expressions-in-mysql-ctes-part-three-hierarchies/)

[MySQL 8.0.1: [Recursive] Common Table Expressions in MySQL (CTEs), Part Four – depth-first or breadth-first traversal, transitive closure, cycle avoidance](http://mysqlserverteam.com/mysql-8-0-1-recursive-common-table-expressions-in-mysql-ctes-part-four-depth-first-or-breadth-first-traversal-transitive-closure-cycle-avoidance/)

## 2、Common Table Expressions

*To specify common table expressions, use a WITH clause that has one or more comma-separated subclauses. Each subclause provides a subquery that produces a result set, and associates a name with the subquery. The following example defines CTEs named cte1 and cte2 in the WITH clause, and refers to them in the top-level SELECT that follows the WITH clause:*

为了指定一个 CTE ，使用一个 有一个或多个逗号分隔的子句的 `WITH` 子句。

每个子句提供一个 能产生一个结果集的子查询语句，及其相关联的名字。

下例，在 `WITH` 子句中定义了名为 `cte1` 和 `cte2` 的 CTEs，并在紧随`WITH` 子句后的顶层的 `SELECT` 中引用它们。

```sql
WITH
  cte1 AS (SELECT a, b FROM table1),
  cte2 AS (SELECT c, d FROM table2)
SELECT b, d FROM cte1 JOIN cte2
WHERE cte1.a = cte2.c;
```

在包含 `WITH` 子句的语句中，可以引用每个 CTE 的名字，来访问对应的 CTE 的结果集。 

一个 CTE 名字可以被其他 CTEs 引用，启用根据其他 CTEs 定义 CTEs.

一个 CTE 可以引用它本身，来定义一个递归的 CTE。递归 CTEs 的常见应用包括序列生成器和层次或树形结构的数据遍历。

*In the statement containing the WITH clause, each CTE name can be referenced to access the corresponding CTE result set.*

*A CTE name can be referenced in other CTEs, enabling CTEs to be defined based on other CTEs.*

*A CTE can refer to itself to define a recursive CTE. Common applications of recursive CTEs include series generation and traversal of hierarchical or tree-structured data.*

*Common table expressions are an optional part of the syntax for DML statements. They are defined using a WITH clause:*

对 DML 语句来说，CTE 是语法的可选的一部分。如下定义：

```sql
with_clause:
    WITH [RECURSIVE]
        cte_name [(col_name [, col_name] ...)] AS (subquery)
        [, cte_name [(col_name [, col_name] ...)] AS (subquery)] ..

```

`cte_name` 是一个独立的 CTE ，可以在包含 `WITH` 子句的语句中用作表引用。

`AS (subquery)` 的 `subquery` 称为"CTE 的子查询"，会产生 CTE 结果集。`AS` 后的括号是必需的。

如果 CTE 的子查询中引用了它自己的名称，那么它就是递归的。如果 `WITH` 子句中的任意的 CTE 是递归的，则必须包含 `RECURSIVE` 关键字。有关更多信息，请参见递归公共表表达式。

*cte_name names a single common table expression and can be used as a table reference in the statement containing the WITH clause.*

*The subquery part of AS (subquery) is called the “subquery of the CTE” and is what produces the CTE result set. The parentheses following AS are required.*

*A common table expression is recursive if its subquery refers to its own name. The RECURSIVE keyword must be included if any CTE in the WITH clause is recursive. For more information, see [Recursive Common Table Expressions](https://dev.mysql.com/doc/refman/8.0/en/with.html#common-table-expressions-recursive).*

*Determination of column names for a given CTE occurs as follows:*

给定 CTE 的列名的确定如下:

- If a parenthesized list of names follows the CTE name, those names are the column names:

如果 CTE 名称后面有一个带括号的名称列表，那么这些名称就是列名：

```sql
WITH cte (col1, col2) AS
(
  SELECT 1, 2
  UNION ALL
  SELECT 3, 4
)
SELECT col1, col2 FROM cte;
```

*The number of names in the list must be the same as the number of columns in the result set.*

列表中的名字的数量必须和结果集中的列的数量相同。【子查询结果的列的数量和cte后面括号里的数量一致】

- Otherwise, the column names come from the select list of the first SELECT within the AS (subquery) part:

否则，列名来自 `AS (subquery)` 中的第一个 SELECT 中的列表：

```sql
WITH cte AS
(
  SELECT 1 AS col1, 2 AS col2
  UNION ALL
  SELECT 3, 4
)
SELECT col1, col2 FROM cte;
```

*A WITH clause is permitted in these contexts:*

`WITH` 子句在这些情景下是被允许的：

- At the beginning of SELECT, UPDATE, and DELETE statements.

```sql
WITH ... SELECT ...
WITH ... UPDATE ...  (???)
WITH ... DELETE ...  (???)
```

- At the beginning of subqueries (including derived table subqueries):

```sql
SELECT ... WHERE id IN (WITH ... SELECT ...) ...
SELECT * FROM (WITH ... SELECT ...) AS dt ...
```
- Immediately preceding SELECT for statements that include a SELECT statement:（??）

```sql
INSERT ... WITH ... SELECT ...
REPLACE ... WITH ... SELECT ...
CREATE TABLE ... WITH ... SELECT ...
CREATE VIEW ... WITH ... SELECT ...
DECLARE CURSOR ... WITH ... SELECT ...
EXPLAIN ... WITH ... SELECT ...
```

*Only one WITH clause is permitted at the same level. WITH followed by WITH at the same level is not permitted, so this is illegal:*

在一个层级下，仅允许一个 `WITH` 子句。下列是不合法的：

```sql
WITH cte1 AS (...) WITH cte2 AS (...) SELECT ...
```
*To make the statement legal, use a single WITH clause that separates the subclauses by a comma:*

为了确保语句合法，使用逗号划分子句的单个 `WITH` 子句，

```sql
WITH cte1 AS (...), cte2 AS (...) SELECT ...
```

*However, a statement can contain multiple WITH clauses if they occur at different levels:*

如果它们出现在不同的层级，一个语句是可以包含多个 `WITH` 子句

```sql
WITH cte1 AS (SELECT 1)
SELECT * FROM (WITH cte2 AS (SELECT 2) SELECT * FROM cte2 JOIN cte1) AS dt;
```

*A WITH clause can define one or more common table expressions, but each CTE name must be unique to the clause. This is illegal:*

一个 `WITH` 子句可以定义一个或多个 CTE，但名字必须不同。下列是不合法的：

```sql
WITH cte1 AS (...), cte1 AS (...) SELECT ...
```

*To make the statement legal, define the CTEs with unique names:*

```sql
WITH cte1 AS (...), cte2 AS (...) SELECT ...
```

*A CTE can refer to itself or to other CTEs:*

一个 CTE 可以引用本身或其他的 CTEs：

- A self-referencing CTE is recursive. 引用自身是递归

- A CTE can refer to CTEs defined earlier in the same WITH clause, but not those defined later. 一个 CTE 可以引用 `WITH` 子句中在它前面定义的 CTEs，而不能是后面定义的。

- This constraint rules out mutually-recursive CTEs, where cte1 references cte2 and cte2 references cte1. One of those references must be to a CTE defined later, which is not permitted.这个约束排除了相互递归的 CTE，即 CTE1 引用 CTE2, CTE2 引用 CTE1 。其中一个引用是后来定义的 CTE，这是不允许的。

- A CTE in a given query block can refer to CTEs defined in query blocks at a more outer level, but not CTEs defined in query blocks at a more inner level.给定查询块中的 CTE 可以引用在更外层的查询块中定义的 CTE，但不能引用在更内部的查询块中定义的 CTE。

*For resolving references to objects with the same names, derived tables hide CTEs; and CTEs hide base tables, TEMPORARY tables, and views. Name resolution occurs by searching for objects in the same query block, then proceeding to outer blocks in turn while no object with the name is found.*

为了解析对同名对象的引用，派生表隐藏了 CTEs；CTEs 隐藏基表、临时表和视图。名称解析出现在同一个查询块中搜索对象，然后在没有找到具有该名称的对象时依次转向外部块。

*Like derived tables, a CTE cannot contain outer references prior to MySQL 8.0.14. This is a MySQL restriction that is lifted in MySQL 8.0.14, not a restriction of the SQL standard. For additional syntax considerations specific to recursive CTEs, see [Recursive Common Table Expressions](https://dev.mysql.com/doc/refman/8.0/en/with.html#common-table-expressions-recursive).*

像派生表一样，CTE 不能包含 MySQL 8.0.14 之前的外部引用。这是在 MySQL 8.0.14 中取消的 MySQL 限制，而不是 SQL 标准的限制。

**实操：**

```sql
mysql> select * from dept_emp;
+--------+---------+------------+------------+
| emp_no | dept_no | from_date  | to_date    |
+--------+---------+------------+------------+
|  10001 | d001    | 1986-06-26 | 9999-01-01 |
|  10002 | d001    | 1996-08-03 | 9999-01-01 |
|  10003 | d004    | 1995-12-03 | 9999-01-01 |
|  10004 | d004    | 1986-12-01 | 9999-01-01 |
|  10005 | d003    | 1989-09-12 | 9999-01-01 |
|  10006 | d002    | 1990-08-05 | 9999-01-01 |
|  10007 | d005    | 1989-02-10 | 9999-01-01 |
|  10008 | d005    | 1998-03-11 | 2000-07-31 |
|  10009 | d006    | 1985-02-18 | 9999-01-01 |
|  10010 | d005    | 1996-11-24 | 2000-06-26 |
|  10010 | d006    | 2000-06-26 | 9999-01-01 |
+--------+---------+------------+------------+
11 rows in set (0.00 sec)

-- 定义一个 CTE
mysql> with
    -> cte1 as (select * from dept_emp where dept_no='d005')
    -> select * from cte1 where from_date>'1989-02-10';
+--------+---------+------------+------------+
| emp_no | dept_no | from_date  | to_date    |
+--------+---------+------------+------------+
|  10008 | d005    | 1998-03-11 | 2000-07-31 |
|  10010 | d005    | 1996-11-24 | 2000-06-26 |
+--------+---------+------------+------------+
2 rows in set (0.00 sec)

-- 定义两个 CTE
mysql> with
    -> cte1 as (select * from dept_emp where dept_no='d005'),
    -> cte2 as (select * from dept_emp where dept_no='d006')
    -> select * from cte1
    -> union all 
    -> select * from cte2;
+--------+---------+------------+------------+
| emp_no | dept_no | from_date  | to_date    |
+--------+---------+------------+------------+
|  10007 | d005    | 1989-02-10 | 9999-01-01 |
|  10008 | d005    | 1998-03-11 | 2000-07-31 |
|  10010 | d005    | 1996-11-24 | 2000-06-26 |
|  10009 | d006    | 1985-02-18 | 9999-01-01 |
|  10010 | d006    | 2000-06-26 | 9999-01-01 |
+--------+---------+------------+------------+
5 rows in set (0.00 sec)

-- CTE 名称后面有一个带括号的名称列表，那么这些名称就是列名(cte的列名)
-- 列表中的名字的数量必须和结果集中的列的数量相同。
mysql> with
    -> cte1 (emp_no,dept_no) as (select * from dept_emp where dept_no='d005')
    -> select * from cte1;
ERROR 1353 (HY000): In definition of view, derived table or common table expression, SELECT list and column names list have different column counts
mysql> with
    -> cte1 (emp_no,dept_no) as (select emp_no,dept_no from dept_emp where dept_no='d005') 
    -> select * from cte1;
+--------+---------+
| emp_no | dept_no |
+--------+---------+
|  10007 | d005    |
|  10008 | d005    |
|  10010 | d005    |
+--------+---------+
3 rows in set (0.01 sec)

-- 否则，列名来自 AS (subquery) 中的第一个 SELECT 中的列表：
mysql> with
    -> cte1 as (select emp_no,dept_no from dept_emp where dept_no='d005') 
    -> select * from cte1;
+--------+---------+
| emp_no | dept_no |
+--------+---------+
|  10007 | d005    |
|  10008 | d005    |
|  10010 | d005    |
+--------+---------+
3 rows in set (0.00 sec)

-- At the beginning of subqueries (including derived table subqueries):
mysql> select emp_no,dept_no
    -> from dept_emp
    -> where from_date in (
    -> with cte1 as (select * from dept_emp where dept_no='d005')
    -> select from_date from cte1); 
+--------+---------+
| emp_no | dept_no |
+--------+---------+
|  10007 | d005    |
|  10008 | d005    |
|  10010 | d005    |
+--------+---------+
3 rows in set (0.00 sec)

-- Immediately preceding SELECT for statements that include a SELECT statement
--CREATE VIEW ... WITH ... SELECT ...
mysql> create view dev as
    -> with
    -> cte1 as (select * from dept_emp where dept_no='d005')
    -> select * from cte1 where from_date>'1989-02-10'; 
Query OK, 0 rows affected (0.02 sec)

mysql> select * from dev;
+--------+---------+------------+------------+
| emp_no | dept_no | from_date  | to_date    |
+--------+---------+------------+------------+
|  10008 | d005    | 1998-03-11 | 2000-07-31 |
|  10010 | d005    | 1996-11-24 | 2000-06-26 |
+--------+---------+------------+------------+
2 rows in set (0.00 sec)

--INSERT ... WITH ... SELECT ...
mysql> insert into dept_emp
    -> with
    -> cte1 as (select * from dept_emp_bk where dept_no='d005')        
    -> select * from cte1 where emp_no=10011;
Query OK, 1 row affected (0.00 sec)
Records: 1  Duplicates: 0  Warnings: 0

mysql> select * from dept_emp;
+--------+---------+------------+------------+
| emp_no | dept_no | from_date  | to_date    |
+--------+---------+------------+------------+
|  10001 | d001    | 1986-06-26 | 9999-01-01 |
|  10002 | d001    | 1996-08-03 | 9999-01-01 |
|  10003 | d004    | 1995-12-03 | 9999-01-01 |
|  10004 | d004    | 1986-12-01 | 9999-01-01 |
|  10005 | d003    | 1989-09-12 | 9999-01-01 |
|  10006 | d002    | 1990-08-05 | 9999-01-01 |
|  10007 | d005    | 1989-02-10 | 9999-01-01 |
|  10008 | d005    | 1998-03-11 | 2000-07-31 |
|  10009 | d006    | 1985-02-18 | 9999-01-01 |
|  10010 | d005    | 1996-11-24 | 2000-06-26 |
|  10010 | d006    | 2000-06-26 | 9999-01-01 |
|  10011 | d005    | 1997-11-12 | 9999-01-01 |
+--------+---------+------------+------------+
12 rows in set (0.00 sec)

mysql> with cte1 as (select * from dept_emp) with cte2 as (select * from dept_emp) 
    -> select * from cte1 union all select * from cte2;
ERROR 1064 (42000): You have an error in your SQL syntax; check the manual that corresponds to your MySQL server version for the right syntax to use near 'with cte2 as (select * from dept_emp)
select * from cte1 union all select * from' at line 1
ERROR: 
No query specified
```

## 3、Recursive Common Table Expressions

*A recursive common table expression is one having a subquery that refers to its own name. For example:*

一个递归的 CTE 有一个引用自己名字的子查询。

```sql
WITH RECURSIVE cte (n) AS
(
  SELECT 1
  UNION ALL
  SELECT n + 1 FROM cte WHERE n < 5
)
SELECT * FROM cte;
```

*When executed, the statement produces this result, a single column containing a simple linear sequence:*

```sql
+------+
| n    |
+------+
|    1 |
|    2 |
|    3 |
|    4 |
|    5 |
+------+
```

*A recursive CTE has this structure:*

*The WITH clause must begin with WITH RECURSIVE if any CTE in the WITH clause refers to itself. (If no CTE refers to itself, RECURSIVE is permitted but not required.)*

*If you forget RECURSIVE for a recursive CTE, this error is a likely result:*

一个递归的 CTE 有如下结构:

- `WITH` 子句必须以 `WITH RECURSIVE` 开始，如果在 `WITH` 子句中的任意 CTE 引用了自身。如果没写 `RECURSIVE`，会出现如下错误：

		ERROR 1146 (42S02): Table 'cte_name' doesn't exist

*The recursive CTE subquery has two parts, separated by UNION [ALL] or UNION DISTINCT:*

递归 CTE 的子查询有两部分，由 UNION [ALL] 或 UNION DISTINCT 分隔：

```sql
SELECT ...      -- return initial row set
UNION ALL
SELECT ...      -- return additional row sets
```

第一个 SELECT 产生原始行，或是 CTE 的行，不会引用 CTE 名称。

第一个 SELECT 产生额外的行，通过在 FROM 子句中引用 CTE 名称。

当这部分不再产生新行时，递归结束。

因此，递归 CTE 由一个非递归 SELECT 部分和一个递归 SELECT 部分组成。

*The first SELECT produces the initial row or rows for the CTE and does not refer to the CTE name. The second SELECT produces additional rows and recurses by referring to the CTE name in its FROM clause. Recursion ends when this part produces no new rows. Thus, a recursive CTE consists of a nonrecursive SELECT part followed by a recursive SELECT part.*

*Each SELECT part can itself be a union of multiple SELECT statements.*

每个 SELECT 部分可以是多个 SELECT 语句的并集。

- CTE 结果的列类型仅根据非递归 SELECT 部分的列类型推断出来，并且列都是可空的。对于类型确定，将忽略递归 SELECT 部分。

- 如果非递归部分和递归部分由 UNION DISTINCT 分隔，则可以消除重复行。这对于执行传递闭包的查询非常有用，可以避免无限循环。

- 递归部分的每次迭代只对前一次迭代产生的行进行操作。如果递归部分有多个查询块，则每个查询块的迭代都以未指定的顺序调度，并且每个查询块都对其前一次迭代或前一次迭代结束后的其他查询块生成的行进行操作。

*The types of the CTE result columns are inferred from the column types of the nonrecursive SELECT part only, and the columns are all nullable. For type determination, the recursive SELECT part is ignored.*

*If the nonrecursive and recursive parts are separated by UNION DISTINCT, duplicate rows are eliminated. This is useful for queries that perform transitive closures, to avoid infinite loops.*

*Each iteration of the recursive part operates only on the rows produced by the previous iteration. If the recursive part has multiple query blocks, iterations of each query block are scheduled in unspecified order, and each query block operates on rows that have been produced either by its previous iteration or by other query blocks since that previous iteration's end.*

*The recursive CTE subquery shown earlier has this nonrecursive part that retrieves a single row to produce the initial row set:*

前面显示的递归 CTE 的子查询有这个非递归部分，它检索单行，以生成初始行集:

```sql
SELECT 1
```

*The CTE subquery also has this recursive part:*

CTE 子查询也有这个递归部分：

```sql
SELECT n + 1 FROM cte WHERE n < 5
```

*At each iteration, that SELECT produces a row with a new value one greater than the value of n from the previous row set. The first iteration operates on the initial row set (1) and produces 1+1=2; the second iteration operates on the first iteration's row set (2) and produces 2+1=3; and so forth. This continues until recursion ends, which occurs when n is no longer less than 5.*

*If the recursive part of a CTE produces wider values for a column than the nonrecursive part, it may be necessary to widen the column in the nonrecursive part to avoid data truncation. Consider this statement:*

在每次迭代时，SELECT 会产生一个新值比前一行集合的 n 值大1的行。

	第一次迭代对初始行集(1)进行操作，生成 1+1=2;

	第二次迭代操作第一次迭代产生的行集(2)，得到 2+1=3;等等。

	这个过程一直持续到递归结束，即n不再小于5时结束。

如果 CTE 的递归部分比非递归部分产生更宽的列值，则可能有必要扩大非递归部分的列，以避免数据截断。

考虑下面的语句:

```sql
WITH RECURSIVE cte AS
(
  SELECT 1 AS n, 'abc' AS str
  UNION ALL
  SELECT n + 1, CONCAT(str, str) FROM cte WHERE n < 3
)
SELECT * FROM cte;
```
*In nonstrict SQL mode, the statement produces this output:*

在 nonstrict 模式下，语句会产生如下输出：

```sql
+------+------+
| n    | str  |
+------+------+
|    1 | abc  |
|    2 | abc  |
|    3 | abc  |
+------+------+
```
str 列的值都是 "abc"，因为非递归选择决定了列的宽度。因此，递归 SELECT 产生的更宽的 str 值被截断。

*The str column values are all 'abc' because the nonrecursive SELECT determines the column widths. Consequently, the wider str values produced by the recursive SELECT are truncated.*

*In strict SQL mode, the statement produces an error:*

在 strict 模式下，语句会产生如下输出错误：

	ERROR 1406 (22001): Data too long for column 'str' at row 1

*To address this issue, so that the statement does not produce truncation or errors, use CAST() in the nonrecursive SELECT to make the str column wider:*

为了解决这个问题，使语句不会产生截断或错误，可以在非递归 SELECT 中使用 CAST() 来扩大 str 列:

```sql
WITH RECURSIVE cte AS
(
  SELECT 1 AS n, CAST('abc' AS CHAR(20)) AS str
  UNION ALL
  SELECT n + 1, CONCAT(str, str) FROM cte WHERE n < 3
)
SELECT * FROM cte;
```

*Now the statement produces this result, without truncation:*

	+------+--------------+
	| n    | str          |
	+------+--------------+
	|    1 | abc          |
	|    2 | abcabc       |
	|    3 | abcabcabcabc |
	+------+--------------+

*Columns are accessed by name, not position, which means that columns in the recursive part can access columns in the nonrecursive part that have a different position, as this CTE illustrates:*

列是通过列名称而不是位置访问的，这意味着递归部分的列可以访问非递归部分中不同位置的列，如这个 CTE 所示:

```sql
WITH RECURSIVE cte AS
(
  SELECT 1 AS n, 1 AS p, -1 AS q
  UNION ALL
  SELECT n + 1, q * 2, p * 2 FROM cte WHERE n < 5
)
SELECT * FROM cte;
```

*Because p in one row is derived from q in the previous row, and vice versa, the positive and negative values swap positions in each successive row of the output:*

因为一行中的 p 是从前一行的 q 派生出来的，反之亦然，所以输出的每一行的正负值位置互换:

	+------+------+------+
	| n    | p    | q    |
	+------+------+------+
	|    1 |    1 |   -1 |
	|    2 |   -2 |    2 |
	|    3 |    4 |   -4 |
	|    4 |   -8 |    8 |
	|    5 |   16 |  -16 |
	+------+------+------+